---
title: Linux ???????
date: 2018-02-27
categories:
  - linux
tags:
  - linux
  - command
---

# Linux ???????

> ??????`df`, `du`, `top`, `free`, `iotop`

<!-- TOC depthFrom:2 depthTo:3 -->

- [Linux ??????????](#linux-??????????)
- [???????¡Â?](#???????¡Â?)
    - [df](#df)
    - [du](#du)
    - [top](#top)
    - [free](#free)
    - [iotop](#iotop)

<!-- /TOC -->

## Linux ??????????

- ???????? - ??? [df](#df)
- ???????????????? - ??? [du](#du)
- ???????????????????»ÇCPU????—¥ - ??? [top](#top)
- ??????¨²?¦Ä??????? - ??? [free](#free)
- ?????? I/O ?????? - ??? [iotop](#iotop)

## ???????¡Â?

### df

> df ???????????????????????????????????????¦Ë? KB????????????????????????????????????????????????????
>
> ?¦Ï???http://man.linuxde.net/df

?????

```bash
# ?????????õô??????? KB ???¦Ë
[root@LinServ-1 ~]# df
?????               1K-??        ????     ???? ????% ?????
/dev/sda2            146294492  28244432 110498708  21% /
/dev/sda1              1019208     62360    904240   7% /boot
tmpfs                  1032204         0   1032204   0% /dev/shm
/dev/sdb1            2884284108 218826068 2518944764   8% /data1

# ??? -h ????? KB ??????¦Ë?????????????
[root@LinServ-1 ~]# df -h
?????              ????  ???? ???? ????% ?????
/dev/sda2             140G   27G  106G  21% /
/dev/sda1             996M   61M  884M   7% /boot
tmpfs                1009M     0 1009M   0% /dev/shm
/dev/sdb1             2.7T  209G  2.4T   8% /data1

# ??????????
[root@LinServ-1 ~]# df -a
?????               1K-??        ????     ???? ????% ?????
/dev/sda2            146294492  28244432 110498708  21% /
proc                         0         0         0   -  /proc
sysfs                        0         0         0   -  /sys
devpts                       0         0         0   -  /dev/pts
/dev/sda1              1019208     62360    904240   7% /boot
tmpfs                  1032204         0   1032204   0% /dev/shm
/dev/sdb1            2884284108 218826068 2518944764   8% /data1
none                         0         0         0   -  /proc/sys/fs/binfmt_misc
```

### du

> du ????????????????????? df ??????????du ????????????????????????????????? df ???????§»??????
>
> ?¦Ï???http://man.linuxde.net/du

?????

```bash
# ??????????????????
root@localhost [test]# du
608 ./test6
308 ./test4
4 ./scf/lib
4 ./scf/service/deploy/product
4 ./scf/service/deploy/info
12 ./scf/service/deploy
16 ./scf/service
4 ./scf/doc
4 ./scf/bin
32 ./scf
8 ./test3
1288 .

# ???????????????
[root@localhost test]# du log2012.log
300 log2012.log

# ???????????????
[root@localhost test]# du scf
4 scf/lib
4 scf/service/deploy/product
4 scf/service/deploy/info
12 scf/service/deploy
16 scf/service
4 scf/doc
4 scf/bin
32 scf

# ???????????????
[root@localhost test]# du log30.tar.gz log31.tar.gz
4 log30.tar.gz
4 log31.tar.gz

# ?????????§³
[root@localhost test]# du -s
1288 .

[root@localhost test]# du -s scf
32 scf
```

### top

> top ???????????????????????????????????????????????????????????????????¨´??????? top ?????????????????—¨????????????
>
> ?¦Ï???http://man.linuxde.net/top

### free

> free ???????????????¦Ä???????????????????????????????????????H??????
>
> ?¦Ï???http://man.linuxde.net/free

?????

```bash
free -t    # ??????????????????????
free -s 10 # ?????????????????????10s ??????????

# ????????????

free -m
             total       used       free     shared    buffers     cached
Mem:          2016       1973         42          0        163       1497
-/+ buffers/cache:        312       1703
Swap:         4094          0       4094
```

### iotop

> iotop ???????????????????? I/O ???????? top ?????iotop ?????? top ????? UI?????§Ñ??? PID???????I/O???????????????Linux ??? IO ???????? iostat??nmon ??????????????? per ?õô???§Õ?????????????????????????????? IO ??????ú‘????? iotop ???????????????
>
> ?¦Ï???http://man.linuxde.net/iotop

?????

```bash
Total DISK read:       0.00 B/s | Total DISK write:       0.00 B/s
  TID  PRIO  USER     DISK READ  DISK WRITE  SWAPIN     IO>    command
    1 be/4 root        0.00 B/s    0.00 B/s  0.00 %  0.00 % init [3]
    2 be/4 root        0.00 B/s    0.00 B/s  0.00 %  0.00 % [kthreadd]
    3 rt/4 root        0.00 B/s    0.00 B/s  0.00 %  0.00 % [migration/0]
    4 be/4 root        0.00 B/s    0.00 B/s  0.00 %  0.00 % [ksoftirqd/0]
    5 rt/4 root        0.00 B/s    0.00 B/s  0.00 %  0.00 % [watchdog/0]
    6 rt/4 root        0.00 B/s    0.00 B/s  0.00 %  0.00 % [migration/1]
    7 be/4 root        0.00 B/s    0.00 B/s  0.00 %  0.00 % [ksoftirqd/1]
    8 rt/4 root        0.00 B/s    0.00 B/s  0.00 %  0.00 % [watchdog/1]
    9 be/4 root        0.00 B/s    0.00 B/s  0.00 %  0.00 % [events/0]
   10 be/4 root        0.00 B/s    0.00 B/s  0.00 %  0.00 % [events/1]
   11 be/4 root        0.00 B/s    0.00 B/s  0.00 %  0.00 % [khelper]
2572 be/4 root        0.00 B/s    0.00 B/s  0.00 %  0.00 % [bluetooth]
```
